Release 13.4 Map O.87xd (lin64)
Xilinx Mapping Report File for Design 'pong_top'

Design Information
------------------
Command Line   : map -intstyle ise -p xc3s500e-fg320-5 -cm area -ir off -pr off
-c 100 -o pong_top_map.ncd pong_top.ngd pong_top.pcf 
Target Device  : xc3s500e
Target Package : fg320
Target Speed   : -5
Mapper Version : spartan3e -- $Revision: 1.55 $
Mapped Date    : Tue Nov 11 16:24:32 2025

Design Summary
--------------
Number of errors:      0
Number of warnings:    4
Logic Utilization:
  Total Number Slice Registers:         461 out of   9,312    4%
    Number used as Flip Flops:          460
    Number used as Latches:               1
  Number of 4 input LUTs:             1,239 out of   9,312   13%
Logic Distribution:
  Number of occupied Slices:            809 out of   4,656   17%
    Number of Slices containing only related logic:     809 out of     809 100%
    Number of Slices containing unrelated logic:          0 out of     809   0%
      *See NOTES below for an explanation of the effects of unrelated logic.
  Total Number of 4 input LUTs:       1,308 out of   9,312   14%
    Number used as logic:             1,120
    Number used as a route-thru:         69
    Number used as Shift registers:     119

  The Slice Logic Distribution report is not meaningful if the design is
  over-mapped for a non-slice resource or if Placement fails.

  Number of bonded IOBs:                 33 out of     232   14%
  Number of RAMB16s:                      5 out of      20   25%
  Number of BUFGMUXs:                     3 out of      24   12%
  Number of BSCANs:                       1 out of       1  100%
  Number of MULT18X18SIOs:               10 out of      20   50%

  Number of RPM macros:           12
Average Fanout of Non-Clock Nets:                2.66

Peak Memory Usage:  811 MB
Total REAL time to MAP completion:  3 secs 
Total CPU time to MAP completion:   2 secs 

NOTES:

   Related logic is defined as being logic that shares connectivity - e.g. two
   LUTs are "related" if they share common inputs.  When assembling slices,
   Map gives priority to combine logic that is related.  Doing so results in
   the best timing performance.

   Unrelated logic shares no connectivity.  Map will only begin packing
   unrelated logic into a slice once 99% of the slices are occupied through
   related logic packing.

   Note that once logic distribution reaches the 99% level through related
   logic packing, this does not mean the device is completely utilized.
   Unrelated logic packing will then begin, continuing until all usable LUTs
   and FFs are occupied.  Depending on your timing budget, increased levels of
   unrelated logic packing may adversely affect the overall timing performance
   of your design.

Table of Contents
-----------------
Section 1 - Errors
Section 2 - Warnings
Section 3 - Informational
Section 4 - Removed Logic Summary
Section 5 - Removed Logic
Section 6 - IOB Properties
Section 7 - RPMs
Section 8 - Guide Report
Section 9 - Area Group and Partition Summary
Section 10 - Timing Report
Section 11 - Configuration String Information
Section 12 - Control Set Information
Section 13 - Utilization by Hierarchy

Section 1 - Errors
------------------

Section 2 - Warnings
--------------------
WARNING:Security:43 - No license file was found in the standard Xilinx license
directory.
WARNING:Security:44 - Since no license file was found,
WARNING:Security:42 - Your software subscription period has lapsed. Your current
version of Xilinx tools will continue to function, but you no longer qualify for
Xilinx software updates or new releases.
WARNING:LIT:176 - Clock buffer is designated to drive clock loads. BUFGMUX
   symbol "physical_group_timing_gen/pix_clk/timing_gen/pix_clk_BUFG" (output
   signal=timing_gen/pix_clk) has a mix of clock and non-clock loads. The
   non-clock loads are:
   Pin D of timing_gen/ila_inst/U0/I_DQ.G_DW[23].U_DQ
WARNING:Pack:249 - The following adjacent carry multiplexers occupy different
   slice components.  The resulting carry chain will have suboptimal timing.
   	refresh_ctrl/Mcompar_tick_signal_cmp_ge0000_cy<10>
   	refresh_ctrl/Mcount_counter_cy<0>
WARNING:Pack:266 - The function generator XST_GND failed to merge with F5
   multiplexer field_gen/field_red<0>1290_f5.  There is more than one F5MUX. 
   The design will exhibit suboptimal timing.
WARNING:PhysDesignRules:372 - Gated clock. Clock net timing_gen/control0<13> is
   sourced by a combinatorial pin. This is not good design practice. Use the CE
   pin to control the loading of data into the flip-flop.

Section 3 - Informational
-------------------------
INFO:Security:51 - The XILINXD_LICENSE_FILE environment variable is not set.
INFO:Security:52 - The LM_LICENSE_FILE environment variable is set to
'/CMC/licenses/xilinx.license'.
INFO:Security:54 - 'xc3s500e' is a WebPack part.
INFO:MapLib:562 - No environment variables are currently set.
INFO:LIT:244 - All of the single ended outputs in this design are using slew
   rate limited output drivers. The delay on speed critical single ended outputs
   can be dramatically reduced by designating them as fast outputs.

Section 4 - Removed Logic Summary
---------------------------------
  19 block(s) removed
  71 block(s) optimized away
   3 signal(s) removed

Section 5 - Removed Logic
-------------------------

The trimmed logic report below shows the logic removed from your design due to
sourceless or loadless signals, and VCC or ground connections.  If the removal
of a signal or symbol results in the subsequent removal of an additional signal
or symbol, the message explaining that second removal will be indented.  This
indentation will be repeated as a chain of related logic is removed.

To quickly locate the original cause for the removal of a chain of logic, look
above the place where that logic is listed in the trimming report, then locate
the lines that are least indented (begin at the leftmost edge).

Loadless block
"timing_gen/icon_inst/U0/U_ICON/U_CMD/U_CORE_ID_SEL/I4.FI[10].U_LUT" (ROM)
removed.
Loadless block
"timing_gen/icon_inst/U0/U_ICON/U_CMD/U_CORE_ID_SEL/I4.FI[11].U_LUT" (ROM)
removed.
Loadless block
"timing_gen/icon_inst/U0/U_ICON/U_CMD/U_CORE_ID_SEL/I4.FI[12].U_LUT" (ROM)
removed.
Loadless block
"timing_gen/icon_inst/U0/U_ICON/U_CMD/U_CORE_ID_SEL/I4.FI[13].U_LUT" (ROM)
removed.
Loadless block
"timing_gen/icon_inst/U0/U_ICON/U_CMD/U_CORE_ID_SEL/I4.FI[14].U_LUT" (ROM)
removed.
Loadless block
"timing_gen/icon_inst/U0/U_ICON/U_CMD/U_CORE_ID_SEL/I4.FI[1].U_LUT" (ROM)
removed.
Loadless block
"timing_gen/icon_inst/U0/U_ICON/U_CMD/U_CORE_ID_SEL/I4.FI[2].U_LUT" (ROM)
removed.
Loadless block
"timing_gen/icon_inst/U0/U_ICON/U_CMD/U_CORE_ID_SEL/I4.FI[3].U_LUT" (ROM)
removed.
Loadless block
"timing_gen/icon_inst/U0/U_ICON/U_CMD/U_CORE_ID_SEL/I4.FI[4].U_LUT" (ROM)
removed.
Loadless block
"timing_gen/icon_inst/U0/U_ICON/U_CMD/U_CORE_ID_SEL/I4.FI[5].U_LUT" (ROM)
removed.
Loadless block
"timing_gen/icon_inst/U0/U_ICON/U_CMD/U_CORE_ID_SEL/I4.FI[6].U_LUT" (ROM)
removed.
Loadless block
"timing_gen/icon_inst/U0/U_ICON/U_CMD/U_CORE_ID_SEL/I4.FI[7].U_LUT" (ROM)
removed.
Loadless block
"timing_gen/icon_inst/U0/U_ICON/U_CMD/U_CORE_ID_SEL/I4.FI[8].U_LUT" (ROM)
removed.
Loadless block
"timing_gen/icon_inst/U0/U_ICON/U_CMD/U_CORE_ID_SEL/I4.FI[9].U_LUT" (ROM)
removed.
Loadless block "timing_gen/ila_inst/U0/I_YES_D.U_ILA/U_STAT/U_DSR" (ROM)
removed.
Loadless block
"timing_gen/ila_inst/U0/I_YES_D.U_ILA/U_TRIG/U_TC/I_STORAGE_QUAL.U_CAP_B" (ROM)
removed.
The signal "timing_gen/control0<27>" is sourceless and has been removed.
The signal "timing_gen/control0<28>" is sourceless and has been removed.
The signal "timing_gen/control0<29>" is sourceless and has been removed.
Unused block "timing_gen/icon_inst/U0/U_ICON/U_CTRL_OUT/F_NCP[0].F_CMD[7].U_HCE"
(ROM) removed.
Unused block "timing_gen/icon_inst/U0/U_ICON/U_CTRL_OUT/F_NCP[0].F_CMD[8].U_HCE"
(ROM) removed.
Unused block "timing_gen/icon_inst/U0/U_ICON/U_CTRL_OUT/F_NCP[0].F_CMD[9].U_HCE"
(ROM) removed.

Optimized Block(s):
TYPE 		BLOCK
VCC 		XST_VCC
GND 		timing_gen/icon_inst/XST_GND
VCC 		timing_gen/icon_inst/XST_VCC
LUT4 		timing_gen/ila_inst/U0/I_YES_D.U_ILA/U_STAT/F_SSTAT[6].I_STAT.U_STAT
   optimized to 0
LUT4
		timing_gen/ila_inst/U0/U_XST_CONTROLBUS_WORKAROUND/CONTROL_XST_WORKAROUND_O_cm
p_eq0000_wg_lut<6>
   optimized to 0
GND 		timing_gen/ila_inst/XST_GND
VCC 		timing_gen/ila_inst/XST_VCC

To enable printing of redundant blocks removed and signals merged, set the
detailed map report option and rerun map.

Section 6 - IOB Properties
--------------------------

+---------------------------------------------------------------------------------------------------------------------------------------------------------+
| IOB Name                           | Type             | Direction | IO Standard          | Diff  | Drive    | Slew | Reg (s)      | Resistor | IOB      |
|                                    |                  |           |                      | Term  | Strength | Rate |              |          | Delay    |
+---------------------------------------------------------------------------------------------------------------------------------------------------------+
| Bout<0>                            | IOB              | OUTPUT    | LVCMOS25             |       | 12       | SLOW |              |          | 0 / 0    |
| Bout<1>                            | IOB              | OUTPUT    | LVCMOS25             |       | 12       | SLOW |              |          | 0 / 0    |
| Bout<2>                            | IOB              | OUTPUT    | LVCMOS25             |       | 12       | SLOW |              |          | 0 / 0    |
| Bout<3>                            | IOB              | OUTPUT    | LVCMOS25             |       | 12       | SLOW |              |          | 0 / 0    |
| Bout<4>                            | IOB              | OUTPUT    | LVCMOS25             |       | 12       | SLOW |              |          | 0 / 0    |
| Bout<5>                            | IOB              | OUTPUT    | LVCMOS25             |       | 12       | SLOW |              |          | 0 / 0    |
| Bout<6>                            | IOB              | OUTPUT    | LVCMOS25             |       | 12       | SLOW |              |          | 0 / 0    |
| Bout<7>                            | IOB              | OUTPUT    | LVCMOS25             |       | 12       | SLOW |              |          | 0 / 0    |
| DAC_CLK                            | IOB              | OUTPUT    | LVCMOS25             |       | 12       | SLOW |              |          | 0 / 0    |
| Gout<0>                            | IOB              | OUTPUT    | LVCMOS25             |       | 12       | SLOW |              |          | 0 / 0    |
| Gout<1>                            | IOB              | OUTPUT    | LVCMOS25             |       | 12       | SLOW |              |          | 0 / 0    |
| Gout<2>                            | IOB              | OUTPUT    | LVCMOS25             |       | 12       | SLOW |              |          | 0 / 0    |
| Gout<3>                            | IOB              | OUTPUT    | LVCMOS25             |       | 12       | SLOW |              |          | 0 / 0    |
| Gout<4>                            | IOB              | OUTPUT    | LVCMOS25             |       | 12       | SLOW |              |          | 0 / 0    |
| Gout<5>                            | IOB              | OUTPUT    | LVCMOS25             |       | 12       | SLOW |              |          | 0 / 0    |
| Gout<6>                            | IOB              | OUTPUT    | LVCMOS25             |       | 12       | SLOW |              |          | 0 / 0    |
| Gout<7>                            | IOB              | OUTPUT    | LVCMOS25             |       | 12       | SLOW |              |          | 0 / 0    |
| H                                  | IOB              | OUTPUT    | LVCMOS25             |       | 12       | SLOW |              |          | 0 / 0    |
| Rout<0>                            | IOB              | OUTPUT    | LVCMOS25             |       | 12       | SLOW |              |          | 0 / 0    |
| Rout<1>                            | IOB              | OUTPUT    | LVCMOS25             |       | 12       | SLOW |              |          | 0 / 0    |
| Rout<2>                            | IOB              | OUTPUT    | LVCMOS25             |       | 12       | SLOW |              |          | 0 / 0    |
| Rout<3>                            | IOB              | OUTPUT    | LVCMOS25             |       | 12       | SLOW |              |          | 0 / 0    |
| Rout<4>                            | IOB              | OUTPUT    | LVCMOS25             |       | 12       | SLOW |              |          | 0 / 0    |
| Rout<5>                            | IOB              | OUTPUT    | LVCMOS25             |       | 12       | SLOW |              |          | 0 / 0    |
| Rout<6>                            | IOB              | OUTPUT    | LVCMOS25             |       | 12       | SLOW |              |          | 0 / 0    |
| Rout<7>                            | IOB              | OUTPUT    | LVCMOS25             |       | 12       | SLOW |              |          | 0 / 0    |
| SW0                                | IBUF             | INPUT     | LVCMOS25             |       |          |      |              |          | 0 / 0    |
| SW1                                | IBUF             | INPUT     | LVCMOS25             |       |          |      |              |          | 0 / 0    |
| SW2                                | IBUF             | INPUT     | LVCMOS25             |       |          |      |              |          | 0 / 0    |
| SW3                                | IBUF             | INPUT     | LVCMOS25             |       |          |      |              |          | 0 / 0    |
| V                                  | IOB              | OUTPUT    | LVCMOS25             |       | 12       | SLOW |              |          | 0 / 0    |
| clk                                | IBUF             | INPUT     | LVCMOS25             |       |          |      |              |          | 0 / 0    |
| rst                                | IBUF             | INPUT     | LVCMOS25             |       |          |      |              |          | 0 / 0    |
+---------------------------------------------------------------------------------------------------------------------------------------------------------+

Section 7 - RPMs
----------------
timing_gen/ila_inst/U0_I_YES_D.U_ILA/U_G2_SQ.U_CAPCTRL_I_SRLT_NE_1.U_CDONE_MSET
timing_gen/ila_inst/U0_I_YES_D.U_ILA/U_G2_SQ.U_CAPCTRL_I_SRLT_NE_1.U_CMPRESET_MS
ET
timing_gen/ila_inst/U0_I_YES_D.U_ILA/U_G2_SQ.U_CAPCTRL_I_SRLT_NE_1.U_NS0_MSET
timing_gen/ila_inst/U0_I_YES_D.U_ILA/U_G2_SQ.U_CAPCTRL_I_SRLT_NE_1.U_NS1_MSET
timing_gen/ila_inst/U0_I_YES_D.U_ILA/U_G2_SQ.U_CAPCTRL_I_SRLT_NE_1.U_SCMPCE_MSET
timing_gen/ila_inst/U0_I_YES_D.U_ILA/U_G2_SQ.U_CAPCTRL_I_SRLT_NE_1.U_SCRST_MSET
timing_gen/ila_inst/U0_I_YES_D.U_ILA/U_G2_SQ.U_CAPCTRL_I_SRLT_NE_1.U_WHCMPCE_MSE
T
timing_gen/ila_inst/U0_I_YES_D.U_ILA/U_G2_SQ.U_CAPCTRL_I_SRLT_NE_1.U_WLCMPCE_MSE
T
timing_gen/ila_inst/U0_I_YES_D.U_ILA/U_G2_SQ.U_CAPCTRL_U_CAP_ADDRGEN_U_SCNT_CMP_
I_SRL16.U_GAND_SRL16_MSET
timing_gen/ila_inst/U0_I_YES_D.U_ILA/U_G2_SQ.U_CAPCTRL_U_CAP_ADDRGEN_U_WCNT_HCMP
_I_SRL16.U_GAND_SRL16_MSET
timing_gen/ila_inst/U0_I_YES_D.U_ILA/U_G2_SQ.U_CAPCTRL_U_CAP_ADDRGEN_U_WCNT_LCMP
_I_SRL16.U_GAND_SRL16_MSET
timing_gen/ila_inst/U0_I_YES_D.U_ILA/U_TRIG/U_TM/G_NMU[0].U_M/U_MU/I_MUT_GANDX.U
_match/I_SRL16.U_GANDX_SRL16_MSET

Section 8 - Guide Report
------------------------
Guide not run on this design.

Section 9 - Area Group and Partition Summary
--------------------------------------------

Partition Implementation Status
-------------------------------

  No Partitions were found in this design.

-------------------------------

Area Group Information
----------------------

  No area groups were found in this design.

----------------------

Section 10 - Timing Report
--------------------------
This design was not run using timing mode.

Section 11 - Configuration String Details
-----------------------------------------
Use the "-detail" map option to print out Configuration Strings

Section 12 - Control Set Information
------------------------------------
No control set information for this architecture.

Section 13 - Utilization by Hierarchy
-------------------------------------
Use the "-detail" map option to print out the Utilization by Hierarchy section.
